// Jest Snapshot v1, https://goo.gl/fbAQLP

exports[`Should FavoritesItem render correctly Should FavoritesItem render correctly when no offers 1`] = `
<li
  className="favorites__locations-items"
>
  <div
    className="favorites__locations locations locations--current"
  >
    <div
      className="locations__item"
    >
      <a
        className="locations__item-link"
        href="#"
      >
        <span />
      </a>
    </div>
  </div>
  <div
    className="favorites__places"
  >
    <div
      style={
        Object {
          "alignItems": "center",
          "display": "flex",
          "flexDirection": "column",
          "fontSize": "38px",
          "fontStyle": "oblique",
          "fontWeight": 700,
          "justifyContent": "flex-start",
          "lineHeight": 0.7,
          "margin": "20px",
          "padding": "30px",
          "textAlign": "center",
          "width": "100%",
        }
      }
    >
      <h3
        style={
          Object {
            "alignItems": "center",
            "display": "flex",
            "justifyContent": "space-between",
          }
        }
      >
        <img
          alt="logo"
          height="50"
          src="/img/logo.svg"
          style={
            Object {
              "marginRight": "20px",
            }
          }
          width="100"
        />
        <svg
          height="100%"
          version="1.1"
          width="100%"
          xmlns="http://www.w3.org/2000/svg"
          xmlnsXlink="http://www.w3.org/1999/xlink"
        >
          <path
            id="path"
          >
            <animate
              attributeName="d"
              begin="0s"
              dur="3s"
              from="m0,110 h0"
              repeatCount="indefinite"
              to="m0,110 h1100"
            />
          </path>
          <text
            fill="black"
          >
            <textPath
              xlinkHref="#path"
            >
              Loading...
            </textPath>
          </text>
        </svg>
      </h3>
    </div>
  </div>
</li>
`;

exports[`Should FavoritesItem render correctly Should FavoritesItem render correctly with offers 1`] = `
<li
  className="favorites__locations-items"
>
  <div
    className="favorites__locations locations locations--current"
  >
    <div
      className="locations__item"
    >
      <a
        className="locations__item-link"
        href="#"
      >
        <span>
          Paris
        </span>
      </a>
    </div>
  </div>
  <div
    className="favorites__places"
  >
    <div
      className="favorites__places"
    >
      <article
        className="place-card favorites__card"
        onMouseEnter={[Function]}
      >
        <div
          className="place-card__mark"
        >
          <span>
            Premium
          </span>
        </div>
        <div
          className="place-card__image-wrapper favorites__image-wrapper"
        >
          <a
            href="/offer/1"
            onClick={[Function]}
          >
            <img
              alt="Wood and stone place"
              className="place-card__image"
              height={110}
              src="img/apartment-01.jpg"
              width={150}
            />
          </a>
        </div>
        <div
          className="place-card__info"
        >
          <div
            className="place-card__price-wrapper"
          >
            <div
              className="place-card__price"
            >
              <b
                className="place-card__price-value"
              >
                €
                100
              </b>
              <span
                className="place-card__price-text"
              >
                 night
              </span>
            </div>
            <button
              className="place-card__bookmark-button button place-card__bookmark-button--active"
              onClick={[Function]}
              type="button"
            >
              <svg
                className="place-card__bookmark-icon"
                height={19}
                width={18}
              >
                <use
                  xlinkHref="#icon-bookmark"
                />
              </svg>
              <span
                className="visually-hidden"
              >
                In bookmarks
              </span>
            </button>
          </div>
          <div
            className="rating__stars place-card__stars"
          >
            <span
              style={
                Object {
                  "width": "20%",
                }
              }
            />
            <span
              className="visually-hidden"
            >
              Rating
            </span>
          </div>
          <h2
            className="place-card__name"
          >
            <a
              href="/offer/1"
              onClick={[Function]}
            >
              Wood and stone place
            </a>
          </h2>
          <p
            className="place-card__type"
          >
            Room
          </p>
        </div>
      </article>
      <article
        className="place-card favorites__card"
        onMouseEnter={[Function]}
      >
        <div
          className="place-card__mark"
        >
          <span>
            Premium
          </span>
        </div>
        <div
          className="place-card__image-wrapper favorites__image-wrapper"
        >
          <a
            href="/offer/2"
            onClick={[Function]}
          >
            <img
              alt="Wood and stone place"
              className="place-card__image"
              height={110}
              src="img/apartment-01.jpg"
              width={150}
            />
          </a>
        </div>
        <div
          className="place-card__info"
        >
          <div
            className="place-card__price-wrapper"
          >
            <div
              className="place-card__price"
            >
              <b
                className="place-card__price-value"
              >
                €
                100
              </b>
              <span
                className="place-card__price-text"
              >
                 night
              </span>
            </div>
            <button
              className="place-card__bookmark-button button place-card__bookmark-button--active"
              onClick={[Function]}
              type="button"
            >
              <svg
                className="place-card__bookmark-icon"
                height={19}
                width={18}
              >
                <use
                  xlinkHref="#icon-bookmark"
                />
              </svg>
              <span
                className="visually-hidden"
              >
                In bookmarks
              </span>
            </button>
          </div>
          <div
            className="rating__stars place-card__stars"
          >
            <span
              style={
                Object {
                  "width": "20%",
                }
              }
            />
            <span
              className="visually-hidden"
            >
              Rating
            </span>
          </div>
          <h2
            className="place-card__name"
          >
            <a
              href="/offer/2"
              onClick={[Function]}
            >
              Wood and stone place
            </a>
          </h2>
          <p
            className="place-card__type"
          >
            Room
          </p>
        </div>
      </article>
      <article
        className="place-card favorites__card"
        onMouseEnter={[Function]}
      >
        <div
          className="place-card__mark"
        >
          <span>
            Premium
          </span>
        </div>
        <div
          className="place-card__image-wrapper favorites__image-wrapper"
        >
          <a
            href="/offer/3"
            onClick={[Function]}
          >
            <img
              alt="Wood and stone place"
              className="place-card__image"
              height={110}
              src="img/apartment-01.jpg"
              width={150}
            />
          </a>
        </div>
        <div
          className="place-card__info"
        >
          <div
            className="place-card__price-wrapper"
          >
            <div
              className="place-card__price"
            >
              <b
                className="place-card__price-value"
              >
                €
                100
              </b>
              <span
                className="place-card__price-text"
              >
                 night
              </span>
            </div>
            <button
              className="place-card__bookmark-button button place-card__bookmark-button--active"
              onClick={[Function]}
              type="button"
            >
              <svg
                className="place-card__bookmark-icon"
                height={19}
                width={18}
              >
                <use
                  xlinkHref="#icon-bookmark"
                />
              </svg>
              <span
                className="visually-hidden"
              >
                In bookmarks
              </span>
            </button>
          </div>
          <div
            className="rating__stars place-card__stars"
          >
            <span
              style={
                Object {
                  "width": "20%",
                }
              }
            />
            <span
              className="visually-hidden"
            >
              Rating
            </span>
          </div>
          <h2
            className="place-card__name"
          >
            <a
              href="/offer/3"
              onClick={[Function]}
            >
              Wood and stone place
            </a>
          </h2>
          <p
            className="place-card__type"
          >
            Room
          </p>
        </div>
      </article>
      <article
        className="place-card favorites__card"
        onMouseEnter={[Function]}
      >
        <div
          className="place-card__mark"
        >
          <span>
            Premium
          </span>
        </div>
        <div
          className="place-card__image-wrapper favorites__image-wrapper"
        >
          <a
            href="/offer/4"
            onClick={[Function]}
          >
            <img
              alt="Wood and stone place"
              className="place-card__image"
              height={110}
              src="img/apartment-01.jpg"
              width={150}
            />
          </a>
        </div>
        <div
          className="place-card__info"
        >
          <div
            className="place-card__price-wrapper"
          >
            <div
              className="place-card__price"
            >
              <b
                className="place-card__price-value"
              >
                €
                100
              </b>
              <span
                className="place-card__price-text"
              >
                 night
              </span>
            </div>
            <button
              className="place-card__bookmark-button button place-card__bookmark-button--active"
              onClick={[Function]}
              type="button"
            >
              <svg
                className="place-card__bookmark-icon"
                height={19}
                width={18}
              >
                <use
                  xlinkHref="#icon-bookmark"
                />
              </svg>
              <span
                className="visually-hidden"
              >
                In bookmarks
              </span>
            </button>
          </div>
          <div
            className="rating__stars place-card__stars"
          >
            <span
              style={
                Object {
                  "width": "20%",
                }
              }
            />
            <span
              className="visually-hidden"
            >
              Rating
            </span>
          </div>
          <h2
            className="place-card__name"
          >
            <a
              href="/offer/4"
              onClick={[Function]}
            >
              Wood and stone place
            </a>
          </h2>
          <p
            className="place-card__type"
          >
            Room
          </p>
        </div>
      </article>
      <article
        className="place-card favorites__card"
        onMouseEnter={[Function]}
      >
        <div
          className="place-card__mark"
        >
          <span>
            Premium
          </span>
        </div>
        <div
          className="place-card__image-wrapper favorites__image-wrapper"
        >
          <a
            href="/offer/5"
            onClick={[Function]}
          >
            <img
              alt="Wood and stone place"
              className="place-card__image"
              height={110}
              src="img/apartment-01.jpg"
              width={150}
            />
          </a>
        </div>
        <div
          className="place-card__info"
        >
          <div
            className="place-card__price-wrapper"
          >
            <div
              className="place-card__price"
            >
              <b
                className="place-card__price-value"
              >
                €
                100
              </b>
              <span
                className="place-card__price-text"
              >
                 night
              </span>
            </div>
            <button
              className="place-card__bookmark-button button place-card__bookmark-button--active"
              onClick={[Function]}
              type="button"
            >
              <svg
                className="place-card__bookmark-icon"
                height={19}
                width={18}
              >
                <use
                  xlinkHref="#icon-bookmark"
                />
              </svg>
              <span
                className="visually-hidden"
              >
                In bookmarks
              </span>
            </button>
          </div>
          <div
            className="rating__stars place-card__stars"
          >
            <span
              style={
                Object {
                  "width": "20%",
                }
              }
            />
            <span
              className="visually-hidden"
            >
              Rating
            </span>
          </div>
          <h2
            className="place-card__name"
          >
            <a
              href="/offer/5"
              onClick={[Function]}
            >
              Wood and stone place
            </a>
          </h2>
          <p
            className="place-card__type"
          >
            Room
          </p>
        </div>
      </article>
    </div>
  </div>
</li>
`;
