// Jest Snapshot v1, https://goo.gl/fbAQLP

exports[`Should ReviewList render correctly Should ReviewList render correctly when no reviews 1`] = `
<ul
  className="reviews__list"
/>
`;

exports[`Should ReviewList render correctly Should ReviewList render correctly with reviews 1`] = `
<ul
  className="reviews__list"
>
  <li
    className="reviews__item"
  >
    <div
      className="reviews__user user"
    >
      <div
        className="reviews__avatar-wrapper user__avatar-wrapper"
      >
        <img
          alt="User photo"
          className="reviews__avatar user__avatar"
          height="54"
          src="img/avatar-angelina.jpg"
          width="54"
        />
      </div>
      <span
        className="reviews__user-name"
      >
        User
      </span>
    </div>
    <div
      className="reviews__info"
    >
      <div
        className="reviews__rating rating"
      >
        <div
          className="rating__stars reviews__stars"
        >
          <span
            style={
              Object {
                "width": "80%",
              }
            }
          />
          <span
            className="visually-hidden"
          >
            Rating
          </span>
        </div>
      </div>
      <p
        className="reviews__text"
      >
        Good
      </p>
      <time
        className="reviews__time"
        dateTime="2020-10-06"
      >
        October 2020
      </time>
    </div>
  </li>
  <li
    className="reviews__item"
  >
    <div
      className="reviews__user user"
    >
      <div
        className="reviews__avatar-wrapper user__avatar-wrapper"
      >
        <img
          alt="User photo"
          className="reviews__avatar user__avatar"
          height="54"
          src="img/avatar-max.jpg"
          width="54"
        />
      </div>
      <span
        className="reviews__user-name"
      >
        User
      </span>
    </div>
    <div
      className="reviews__info"
    >
      <div
        className="reviews__rating rating"
      >
        <div
          className="rating__stars reviews__stars"
        >
          <span
            style={
              Object {
                "width": "100%",
              }
            }
          />
          <span
            className="visually-hidden"
          >
            Rating
          </span>
        </div>
      </div>
      <p
        className="reviews__text"
      >
        Good
      </p>
      <time
        className="reviews__time"
        dateTime="2020-10-06"
      >
        October 2020
      </time>
    </div>
  </li>
</ul>
`;
